// Jest Snapshot v1, https://goo.gl/fbAQLP

exports[`test genHtml Function should return the correct result when call genHtml 1`] = `"<div class=\\"layout-box\\"><h1>koa+react+ssr</h1><div><p>404页面page22</p><p>12</p></div></div>"`;
